// Jest Snapshot v1, https://goo.gl/fbAQLP

exports[`<Headding /> should render the heading 1`] = `
<div>
  <h1
    class="bg-pink-300 inline-block p-2 rounded-lg text-gray-800"
  >
    Headding
  </h1>
</div>
`;
